adns
armmbed/formulae/arm-none-eabi-gcc
arthurk/virt-manager/virt-manager
automake
azcopy
azure-cli
bash-completion
blueutil
boxes
castxml
cmake
composer
coreutils
cups
detect-secrets
dialog
direnv
duc
duck
elinks
emacs
etcd
findutils
fish
freerdp
git
github-markdown-toc
gnu-tar
gnu-time
gnuplot
go
grc
grip
haproxy
hashicorp/tap/packer
highlight
hping
html2text
htop
httpie
ilmbase
intltool
ipcalc
iperf
iperf3
isacikgoz/taps/gitin
jesseduffield/lazydocker/lazydocker
jfrog-cli
jq
k6
kind
lftp
libav
libcroco
libiconv
libmetalink
libproxy
libsoup@2
links
litecli
lrzsz
lsusb
lua@5.1
lynx
mapnik
maven
meson
midnight-commander
minicom
minikube
mitmproxy
mosquitto
mpc
mpd
mpg321
mplayer
mpv
mtr
mutt
netcat
netcat6
netperf
nmap
openconnect
opencv
openssl@3
otf2
otf2bdf
p7zip
pandoc
pass
php
picocom
poppler
proj@7
pstree
pwgen
py2cairo
pypy3
pyqt
qpdf
rbenv
recode
redis
ripgrep
rpm
rsync
ruby
s3cmd
s3fs
scrcpy
sip
skopeo
sl
socat
sox
speedtest-cli
squid
srecord
starship
swagger-codegen
teamookla/speedtest/speedtest
terminal-notifier
terraform
tesseract-lang
testssl
texi2html
the_silver_searcher
tldr
tmux
tofrodos
unrar
wakeonlan
watch
wdc
websocat
wget
wireguard-tools
wxpython
xml2
xmlstarlet
yafc
yasm
youtube-dl
yq
zbar
