KevinRose.vsc-python-indent
TomasHubelbauer.vscode-markdown-table-format
Tyriar.sort-lines
VisualStudioExptTeam.vscodeintellicode
Wscats.eno
aaron-bond.better-comments
activitywatch.aw-watcher-vscode
adammaras.overtype
aeschli.vscode-css-formatter
bmewburn.vscode-intelephense-client
bungcip.better-toml
christian-kohler.path-intellisense
darkriszty.markdown-table-prettify
dustypomerleau.rust-syntax
eamodio.gitlens
erd0s.terraform-autocomplete
esbenp.prettier-vscode
fabiospampinato.vscode-diff
fcrespo82.markdown-table-formatter
felixfbecker.php-intellisense
foxundermoon.shell-format
frinkr.vscode-tabify
golang.go
hashicorp.terraform
kokororin.vscode-phpfmt
marlinfirmware.auto-build
ms-azuretools.vscode-azureterraform
ms-azuretools.vscode-docker
ms-python.python
ms-python.vscode-pylance
ms-toolsai.jupyter
ms-vscode-remote.remote-containers
ms-vscode-remote.remote-ssh
ms-vscode-remote.remote-ssh-edit
ms-vscode.azure-account
ms-vscode.azurecli
ms-vscode.cpptools
ms-vscode.powershell
ms-vscode.vscode-typescript-next
ms-vsliveshare.vsliveshare
ms-vsliveshare.vsliveshare-audio
ms-vsliveshare.vsliveshare-pack
nobuhito.printcode
p1c2u.docker-compose
panicbit.cargo
pjmiravalle.terraform-advanced-syntax-highlighting
platformio.platformio-ide
rafaelmaiolla.remote-vscode
redhat.java
redhat.vscode-xml
rifi2k.format-html-in-php
rust-lang.rust
serayuzgur.crates
tomoki1207.pdf
vscjava.vscode-java-debug
vscjava.vscode-java-dependency
vscjava.vscode-java-pack
vscjava.vscode-java-test
vscjava.vscode-maven
webOSTVSDK.webostv
